[shreethemes.in/techwind/layouts/index.html]
[backblue.gif]
[fade.gif]
[index.html]
[shreethemes.in/techwind/layouts/assets/images/favicon.ico]
[shreethemes.in/techwind/layouts/assets/libs/tiny-slider/tiny-slider.css]
[shreethemes.in/techwind/layouts/assets/libs/@iconscout/unicons/css/line.css]
[shreethemes.in/techwind/layouts/assets/libs/@mdi/font/css/materialdesignicons.min.css]
[shreethemes.in/techwind/layouts/assets/css/tailwind.css]
[shreethemes.in/techwind/layouts/assets/images/logo-dark.png]
[shreethemes.in/techwind/layouts/assets/images/logo-light.png]
[shreethemes.in/techwind/layouts/index-saas.html]
[shreethemes.in/techwind/layouts/index-classic-saas.html]
[shreethemes.in/techwind/layouts/index-modern-saas.html]
[shreethemes.in/techwind/layouts/index-apps.html]
[shreethemes.in/techwind/layouts/index-classic-app.html]
[shreethemes.in/techwind/layouts/index-smartwatch.html]
[shreethemes.in/techwind/layouts/index-marketing.html]
[shreethemes.in/techwind/layouts/index-seo.html]
[shreethemes.in/techwind/layouts/index-software.html]
[shreethemes.in/techwind/layouts/index-payment.html]
[shreethemes.in/techwind/layouts/index-charity.html]
[shreethemes.in/techwind/layouts/index-it-solution.html]
[shreethemes.in/techwind/layouts/index-it-solution-two.html]
[shreethemes.in/techwind/layouts/index-digital-agency.html]
[shreethemes.in/techwind/layouts/index-restaurent.html]
[shreethemes.in/techwind/layouts/index-hosting.html]
[shreethemes.in/techwind/layouts/index-nft.html]
[shreethemes.in/techwind/layouts/index-hotel.html]
[shreethemes.in/techwind/layouts/index-cafe.html]
[shreethemes.in/techwind/layouts/index-gym.html]
[shreethemes.in/techwind/layouts/index-yoga.html]
[shreethemes.in/techwind/layouts/index-spa.html]
[shreethemes.in/techwind/layouts/index-job.html]
[shreethemes.in/techwind/layouts/index-startup.html]
[shreethemes.in/techwind/layouts/index-business.html]
[shreethemes.in/techwind/layouts/index-corporate.html]
[shreethemes.in/techwind/layouts/index-corporate-two.html]
[shreethemes.in/techwind/layouts/index-real-estate.html]
[shreethemes.in/techwind/layouts/index-consulting.html]
[shreethemes.in/techwind/layouts/index-insurance.html]
[shreethemes.in/techwind/layouts/index-construction.html]
[shreethemes.in/techwind/layouts/index-law.html]
[shreethemes.in/techwind/layouts/index-video.html]
[shreethemes.in/techwind/layouts/index-personal.html]
[shreethemes.in/techwind/layouts/index-portfolio.html]
[shreethemes.in/techwind/layouts/index-photography.html]
[shreethemes.in/techwind/layouts/index-studio.html]
[shreethemes.in/techwind/layouts/index-coworking.html]
[shreethemes.in/techwind/layouts/index-course.html]
[shreethemes.in/techwind/layouts/index-event.html]
[shreethemes.in/techwind/layouts/index-hospital.html]
[shreethemes.in/techwind/layouts/index-phone-number.html]
[shreethemes.in/techwind/layouts/index-forums.html]
[shreethemes.in/techwind/layouts/index-shop.html]
[shreethemes.in/techwind/layouts/index-crypto.html]
[shreethemes.in/techwind/layouts/index-landing-one.html]
[shreethemes.in/techwind/layouts/index-landing-two.html]
[shreethemes.in/techwind/layouts/index-landing-three.html]
[shreethemes.in/techwind/layouts/index-landing-four.html]
[shreethemes.in/techwind/layouts/index-service.html]
[shreethemes.in/techwind/layouts/index-food-blog.html]
[shreethemes.in/techwind/layouts/index-blog.html]
[shreethemes.in/techwind/layouts/index-furniture.html]
[shreethemes.in/techwind/layouts/index-landing-five.html]
[shreethemes.in/techwind/layouts/page-aboutus.html]
[shreethemes.in/techwind/layouts/page-services.html]
[shreethemes.in/techwind/layouts/page-team.html]
[shreethemes.in/techwind/layouts/page-pricing.html]
[shreethemes.in/techwind/layouts/page-testimonial.html]
[shreethemes.in/techwind/layouts/user-profile.html]
[shreethemes.in/techwind/layouts/user-billing.html]
[shreethemes.in/techwind/layouts/user-payment.html]
[shreethemes.in/techwind/layouts/user-invoice.html]
[shreethemes.in/techwind/layouts/user-social.html]
[shreethemes.in/techwind/layouts/user-notification.html]
[shreethemes.in/techwind/layouts/user-setting.html]
[shreethemes.in/techwind/layouts/property-listing.html]
[shreethemes.in/techwind/layouts/property-detail.html]
[shreethemes.in/techwind/layouts/course-listing.html]
[shreethemes.in/techwind/layouts/course-detail.html]
[shreethemes.in/techwind/layouts/nft-explore.html]
[shreethemes.in/techwind/layouts/nft-auction.html]
[shreethemes.in/techwind/layouts/nft-collection.html]
[shreethemes.in/techwind/layouts/nft-creators.html]
[shreethemes.in/techwind/layouts/nft-creator-profile.html]
[shreethemes.in/techwind/layouts/nft-creator-profile-edit.html]
[shreethemes.in/techwind/layouts/nft-wallet.html]
[shreethemes.in/techwind/layouts/nft-create-item.html]
[shreethemes.in/techwind/layouts/nft-detail.html]
[shreethemes.in/techwind/layouts/food-recipe.html]
[shreethemes.in/techwind/layouts/shop-grid.html]
[shreethemes.in/techwind/layouts/shop-grid-two.html]
[shreethemes.in/techwind/layouts/shop-item-detail.html]
[shreethemes.in/techwind/layouts/shop-cart.html]
[shreethemes.in/techwind/layouts/shop-checkout.html]
[shreethemes.in/techwind/layouts/shop-account.html]
[shreethemes.in/techwind/layouts/photography-about.html]
[shreethemes.in/techwind/layouts/photography-portfolio.html]
[shreethemes.in/techwind/layouts/page-job-grid.html]
[shreethemes.in/techwind/layouts/page-job-detail.html]
[shreethemes.in/techwind/layouts/page-job-apply.html]
[shreethemes.in/techwind/layouts/page-job-post.html]
[shreethemes.in/techwind/layouts/page-job-career.html]
[shreethemes.in/techwind/layouts/page-job-candidates.html]
[shreethemes.in/techwind/layouts/page-job-candidate-detail.html]
[shreethemes.in/techwind/layouts/page-job-companies.html]
[shreethemes.in/techwind/layouts/page-job-company-detail.html]
[shreethemes.in/techwind/layouts/forums-topic.html]
[shreethemes.in/techwind/layouts/forums-comments.html]
[shreethemes.in/techwind/layouts/helpcenter.html]
[shreethemes.in/techwind/layouts/helpcenter-faqs.html]
[shreethemes.in/techwind/layouts/helpcenter-guides.html]
[shreethemes.in/techwind/layouts/helpcenter-support.html]
[shreethemes.in/techwind/layouts/blog.html]
[shreethemes.in/techwind/layouts/blog-sidebar.html]
[shreethemes.in/techwind/layouts/blog-detail.html]
[shreethemes.in/techwind/layouts/blog-standard-post.html]
[shreethemes.in/techwind/layouts/blog-slider-post.html]
[shreethemes.in/techwind/layouts/blog-gallery-post.html]
[shreethemes.in/techwind/layouts/blog-youtube-post.html]
[shreethemes.in/techwind/layouts/blog-vimeo-post.html]
[shreethemes.in/techwind/layouts/blog-audio-post.html]
[shreethemes.in/techwind/layouts/blog-blockquote-post.html]
[shreethemes.in/techwind/layouts/blog-left-sidebar-post.html]
[shreethemes.in/techwind/layouts/email-confirmation.html]
[shreethemes.in/techwind/layouts/email-password-reset.html]
[shreethemes.in/techwind/layouts/email-alert.html]
[shreethemes.in/techwind/layouts/email-invoice.html]
[shreethemes.in/techwind/layouts/auth-login.html]
[shreethemes.in/techwind/layouts/auth-signup.html]
[shreethemes.in/techwind/layouts/auth-re-password.html]
[shreethemes.in/techwind/layouts/auth-lock-screen.html]
[shreethemes.in/techwind/layouts/page-terms.html]
[shreethemes.in/techwind/layouts/page-privacy.html]
[shreethemes.in/techwind/layouts/page-comingsoon.html]
[shreethemes.in/techwind/layouts/page-maintenance.html]
[shreethemes.in/techwind/layouts/page-error.html]
[shreethemes.in/techwind/layouts/page-thankyou.html]
[shreethemes.in/techwind/layouts/contact-detail.html]
[shreethemes.in/techwind/layouts/contact-one.html]
[shreethemes.in/techwind/layouts/contact-two.html]
[shreethemes.in/techwind/layouts/portfolio-modern-two.html]
[shreethemes.in/techwind/layouts/portfolio-modern-three.html]
[shreethemes.in/techwind/layouts/portfolio-modern-four.html]
[shreethemes.in/techwind/layouts/portfolio-modern-five.html]
[shreethemes.in/techwind/layouts/portfolio-modern-six.html]
[shreethemes.in/techwind/layouts/portfolio-classic-two.html]
[shreethemes.in/techwind/layouts/portfolio-classic-three.html]
[shreethemes.in/techwind/layouts/portfolio-classic-four.html]
[shreethemes.in/techwind/layouts/portfolio-classic-five.html]
[shreethemes.in/techwind/layouts/portfolio-classic-six.html]
[shreethemes.in/techwind/layouts/portfolio-creative-two.html]
[shreethemes.in/techwind/layouts/portfolio-creative-three.html]
[shreethemes.in/techwind/layouts/portfolio-creative-four.html]
[shreethemes.in/techwind/layouts/portfolio-creative-five.html]
[shreethemes.in/techwind/layouts/portfolio-creative-six.html]
[shreethemes.in/techwind/layouts/portfolio-masonry-two.html]
[shreethemes.in/techwind/layouts/portfolio-masonry-three.html]
[shreethemes.in/techwind/layouts/portfolio-masonry-four.html]
[shreethemes.in/techwind/layouts/portfolio-masonry-five.html]
[shreethemes.in/techwind/layouts/portfolio-masonry-six.html]
[shreethemes.in/techwind/layouts/portfolio-detail-one.html]
[shreethemes.in/techwind/layouts/portfolio-detail-two.html]
[shreethemes.in/techwind/layouts/portfolio-detail-three.html]
[shreethemes.in/techwind/layouts/portfolio-detail-four.html]
[shreethemes.in/techwind/layouts/documentation.html]
[shreethemes.in/techwind/layouts/changelog.html]
[shreethemes.in/techwind/layouts/widget.html]
[shreethemes.in/techwind/layouts/assets/images/client/01.jpg]
[shreethemes.in/techwind/layouts/assets/images/client/02.jpg]
[shreethemes.in/techwind/layouts/assets/images/client/03.jpg]
[shreethemes.in/techwind/layouts/assets/images/client/04.jpg]
[shreethemes.in/techwind/layouts/assets/images/client/05.jpg]
[shreethemes.in/techwind/layouts/assets/images/client/06.jpg]
[shreethemes.in/techwind/layouts/assets/images/payments/american-ex.png]
[shreethemes.in/techwind/layouts/assets/images/payments/discover.png]
[shreethemes.in/techwind/layouts/assets/images/payments/master-card.png]
[shreethemes.in/techwind/layouts/assets/images/payments/paypal.png]
[shreethemes.in/techwind/layouts/assets/images/payments/visa.png]
[shreethemes.in/techwind/layouts/assets/libs/tiny-slider/min/tiny-slider.js]
[shreethemes.in/techwind/layouts/assets/libs/feather-icons/feather.min.js]
[shreethemes.in/techwind/layouts/assets/js/plugins.init.js]
[shreethemes.in/techwind/layouts/index.html]
[shreethemes.in/techwind/layouts/assets/js/app.js]
[shreethemes.in/techwind/layouts/assets/libs/tiny-slider/tiny-slider.css]
[shreethemes.in/techwind/layouts/assets/libs/@iconscout/unicons/fonts/line/unicons-0.eot]
[shreethemes.in/techwind/layouts/assets/libs/@iconscout/unicons/fonts/line/unicons-0.woff2]
[shreethemes.in/techwind/layouts/assets/libs/@iconscout/unicons/fonts/line/unicons-0.woff]
[shreethemes.in/techwind/layouts/assets/libs/@iconscout/unicons/fonts/line/unicons-0.ttf]
[shreethemes.in/techwind/layouts/assets/libs/@iconscout/unicons/fonts/line/unicons-1.eot]
[shreethemes.in/techwind/layouts/assets/libs/@iconscout/unicons/fonts/line/unicons-1.woff2]
[shreethemes.in/techwind/layouts/assets/libs/@iconscout/unicons/fonts/line/unicons-1.woff]
[shreethemes.in/techwind/layouts/assets/libs/@iconscout/unicons/fonts/line/unicons-1.ttf]
[shreethemes.in/techwind/layouts/assets/libs/@iconscout/unicons/fonts/line/unicons-10.eot]
[shreethemes.in/techwind/layouts/assets/libs/@iconscout/unicons/fonts/line/unicons-10.woff2]
[shreethemes.in/techwind/layouts/assets/libs/@iconscout/unicons/fonts/line/unicons-10.woff]
[shreethemes.in/techwind/layouts/assets/libs/@iconscout/unicons/fonts/line/unicons-10.ttf]
[shreethemes.in/techwind/layouts/assets/libs/@iconscout/unicons/fonts/line/unicons-11.eot]
[shreethemes.in/techwind/layouts/assets/libs/@iconscout/unicons/fonts/line/unicons-11.woff2]
[shreethemes.in/techwind/layouts/assets/libs/@iconscout/unicons/fonts/line/unicons-11.woff]
[shreethemes.in/techwind/layouts/assets/libs/@iconscout/unicons/fonts/line/unicons-11.ttf]
[shreethemes.in/techwind/layouts/assets/libs/@iconscout/unicons/fonts/line/unicons-12.eot]
[shreethemes.in/techwind/layouts/assets/libs/@iconscout/unicons/fonts/line/unicons-12.woff2]
[shreethemes.in/techwind/layouts/assets/libs/@iconscout/unicons/fonts/line/unicons-12.woff]
[shreethemes.in/techwind/layouts/assets/libs/@iconscout/unicons/fonts/line/unicons-12.ttf]
[shreethemes.in/techwind/layouts/assets/libs/@iconscout/unicons/fonts/line/unicons-13.eot]
[shreethemes.in/techwind/layouts/assets/libs/@iconscout/unicons/fonts/line/unicons-13.woff2]
[shreethemes.in/techwind/layouts/assets/libs/@iconscout/unicons/fonts/line/unicons-13.woff]
[shreethemes.in/techwind/layouts/assets/libs/@iconscout/unicons/fonts/line/unicons-13.ttf]
[shreethemes.in/techwind/layouts/assets/libs/@iconscout/unicons/fonts/line/unicons-14.eot]
[shreethemes.in/techwind/layouts/assets/libs/@iconscout/unicons/fonts/line/unicons-14.woff2]
[shreethemes.in/techwind/layouts/assets/libs/@iconscout/unicons/fonts/line/unicons-14.woff]
[shreethemes.in/techwind/layouts/assets/libs/@iconscout/unicons/fonts/line/unicons-14.ttf]
[shreethemes.in/techwind/layouts/assets/libs/@iconscout/unicons/fonts/line/unicons-15.eot]
[shreethemes.in/techwind/layouts/assets/libs/@iconscout/unicons/fonts/line/unicons-15.woff2]
[shreethemes.in/techwind/layouts/assets/libs/@iconscout/unicons/fonts/line/unicons-15.woff]
[shreethemes.in/techwind/layouts/assets/libs/@iconscout/unicons/fonts/line/unicons-15.ttf]
[shreethemes.in/techwind/layouts/assets/libs/@iconscout/unicons/fonts/line/unicons-16.eot]
[shreethemes.in/techwind/layouts/assets/libs/@iconscout/unicons/fonts/line/unicons-16.woff2]
[shreethemes.in/techwind/layouts/assets/libs/@iconscout/unicons/fonts/line/unicons-16.woff]
[shreethemes.in/techwind/layouts/assets/libs/@iconscout/unicons/fonts/line/unicons-16.ttf]
[shreethemes.in/techwind/layouts/assets/libs/@iconscout/unicons/fonts/line/unicons-17.eot]
[shreethemes.in/techwind/layouts/assets/libs/@iconscout/unicons/fonts/line/unicons-17.woff2]
[shreethemes.in/techwind/layouts/assets/libs/@iconscout/unicons/fonts/line/unicons-17.woff]
[shreethemes.in/techwind/layouts/assets/libs/@iconscout/unicons/fonts/line/unicons-17.ttf]
[shreethemes.in/techwind/layouts/assets/libs/@iconscout/unicons/fonts/line/unicons-18.eot]
[shreethemes.in/techwind/layouts/assets/libs/@iconscout/unicons/fonts/line/unicons-18.woff2]
[shreethemes.in/techwind/layouts/assets/libs/@iconscout/unicons/fonts/line/unicons-18.woff]
[shreethemes.in/techwind/layouts/assets/libs/@iconscout/unicons/fonts/line/unicons-18.ttf]
[shreethemes.in/techwind/layouts/assets/libs/@iconscout/unicons/fonts/line/unicons-19.eot]
[shreethemes.in/techwind/layouts/assets/libs/@iconscout/unicons/fonts/line/unicons-19.woff2]
[shreethemes.in/techwind/layouts/assets/libs/@iconscout/unicons/fonts/line/unicons-19.woff]
[shreethemes.in/techwind/layouts/assets/libs/@iconscout/unicons/fonts/line/unicons-19.ttf]
[shreethemes.in/techwind/layouts/assets/libs/@iconscout/unicons/fonts/line/unicons-2.eot]
[shreethemes.in/techwind/layouts/assets/libs/@iconscout/unicons/fonts/line/unicons-2.woff2]
[shreethemes.in/techwind/layouts/assets/libs/@iconscout/unicons/fonts/line/unicons-2.woff]
[shreethemes.in/techwind/layouts/assets/libs/@iconscout/unicons/fonts/line/unicons-2.ttf]
[shreethemes.in/techwind/layouts/assets/libs/@iconscout/unicons/fonts/line/unicons-20.eot]
[shreethemes.in/techwind/layouts/assets/libs/@iconscout/unicons/fonts/line/unicons-20.woff2]
[shreethemes.in/techwind/layouts/assets/libs/@iconscout/unicons/fonts/line/unicons-20.woff]
[shreethemes.in/techwind/layouts/assets/libs/@iconscout/unicons/fonts/line/unicons-20.ttf]
[shreethemes.in/techwind/layouts/assets/libs/@iconscout/unicons/fonts/line/unicons-3.eot]
[shreethemes.in/techwind/layouts/assets/libs/@iconscout/unicons/fonts/line/unicons-3.woff2]
[shreethemes.in/techwind/layouts/assets/libs/@iconscout/unicons/fonts/line/unicons-3.woff]
[shreethemes.in/techwind/layouts/assets/libs/@iconscout/unicons/fonts/line/unicons-3.ttf]
[shreethemes.in/techwind/layouts/assets/libs/@iconscout/unicons/fonts/line/unicons-4.eot]
[shreethemes.in/techwind/layouts/assets/libs/@iconscout/unicons/fonts/line/unicons-4.woff2]
[shreethemes.in/techwind/layouts/assets/libs/@iconscout/unicons/fonts/line/unicons-4.woff]
[shreethemes.in/techwind/layouts/assets/libs/@iconscout/unicons/fonts/line/unicons-4.ttf]
[shreethemes.in/techwind/layouts/assets/libs/@iconscout/unicons/fonts/line/unicons-5.eot]
[shreethemes.in/techwind/layouts/assets/libs/@iconscout/unicons/fonts/line/unicons-5.woff2]
[shreethemes.in/techwind/layouts/assets/libs/@iconscout/unicons/fonts/line/unicons-5.woff]
[shreethemes.in/techwind/layouts/assets/libs/@iconscout/unicons/fonts/line/unicons-5.ttf]
[shreethemes.in/techwind/layouts/assets/libs/@iconscout/unicons/fonts/line/unicons-6.eot]
[shreethemes.in/techwind/layouts/assets/libs/@iconscout/unicons/fonts/line/unicons-6.woff2]
[shreethemes.in/techwind/layouts/assets/libs/@iconscout/unicons/fonts/line/unicons-6.woff]
[shreethemes.in/techwind/layouts/assets/libs/@iconscout/unicons/fonts/line/unicons-6.ttf]
[shreethemes.in/techwind/layouts/assets/libs/@iconscout/unicons/fonts/line/unicons-7.eot]
[shreethemes.in/techwind/layouts/assets/libs/@iconscout/unicons/fonts/line/unicons-7.woff2]
[shreethemes.in/techwind/layouts/assets/libs/@iconscout/unicons/fonts/line/unicons-7.woff]
[shreethemes.in/techwind/layouts/assets/libs/@iconscout/unicons/fonts/line/unicons-7.ttf]
[shreethemes.in/techwind/layouts/assets/libs/@iconscout/unicons/fonts/line/unicons-8.eot]
[shreethemes.in/techwind/layouts/assets/libs/@iconscout/unicons/fonts/line/unicons-8.woff2]
[shreethemes.in/techwind/layouts/assets/libs/@iconscout/unicons/fonts/line/unicons-8.woff]
[shreethemes.in/techwind/layouts/assets/libs/@iconscout/unicons/fonts/line/unicons-8.ttf]
[shreethemes.in/techwind/layouts/assets/libs/@iconscout/unicons/fonts/line/unicons-9.eot]
[shreethemes.in/techwind/layouts/assets/libs/@iconscout/unicons/fonts/line/unicons-9.woff2]
[shreethemes.in/techwind/layouts/assets/libs/@iconscout/unicons/fonts/line/unicons-9.woff]
[shreethemes.in/techwind/layouts/assets/libs/@iconscout/unicons/fonts/line/unicons-9.ttf]
[shreethemes.in/techwind/layouts/assets/libs/@iconscout/unicons/css/line.css]
[shreethemes.in/techwind/layouts/assets/libs/@mdi/font/fonts/materialdesignicons-webfont9445.eot]
[shreethemes.in/techwind/layouts/assets/libs/@mdi/font/fonts/materialdesignicons-webfontd41d.eot]
[shreethemes.in/techwind/layouts/assets/libs/@mdi/font/fonts/materialdesignicons-webfont9445.woff2]
[shreethemes.in/techwind/layouts/assets/libs/@mdi/font/fonts/materialdesignicons-webfont9445.woff]
[shreethemes.in/techwind/layouts/assets/libs/@mdi/font/fonts/materialdesignicons-webfont9445.ttf]
[shreethemes.in/techwind/layouts/assets/libs/@mdi/font/css/materialdesignicons.min.css]
[shreethemes.in/techwind/layouts/assets/images/app/bg.png]
[shreethemes.in/techwind/layouts/assets/images/bg-seo.png]
[shreethemes.in/techwind/layouts/assets/images/bg-video.png]
[shreethemes.in/techwind/layouts/assets/images/bg.png]
[shreethemes.in/techwind/layouts/assets/images/bg2.png]
[shreethemes.in/techwind/layouts/assets/images/bg3.png]
[shreethemes.in/techwind/layouts/assets/images/bg4.png]
[shreethemes.in/techwind/layouts/assets/images/blog/bg.jpg]
[shreethemes.in/techwind/layouts/assets/images/blog/bg1.jpg]
[shreethemes.in/techwind/layouts/assets/images/business/bg01.jpg]
[shreethemes.in/techwind/layouts/assets/images/business/bg02.jpg]
[shreethemes.in/techwind/layouts/assets/images/business/bg03.jpg]
[shreethemes.in/techwind/layouts/assets/images/cafe/cta.jpg]
[shreethemes.in/techwind/layouts/assets/images/charity/bg.jpg]
[shreethemes.in/techwind/layouts/assets/images/charity/cta.jpg]
[shreethemes.in/techwind/layouts/assets/images/company/aboutus.jpg]
[shreethemes.in/techwind/layouts/assets/images/construction/bg.jpg]
[shreethemes.in/techwind/layouts/assets/images/construction/bg2.jpg]
[shreethemes.in/techwind/layouts/assets/images/consulting/bg.jpg]
[shreethemes.in/techwind/layouts/assets/images/corporate/bg.jpg]
[shreethemes.in/techwind/layouts/assets/images/course/cta.jpg]
[shreethemes.in/techwind/layouts/assets/images/crypto/bg1.jpg]
[shreethemes.in/techwind/layouts/assets/images/crypto/bg2.jpg]
[shreethemes.in/techwind/layouts/assets/images/crypto/cta.jpg]
[shreethemes.in/techwind/layouts/assets/images/cta.jpg]
[shreethemes.in/techwind/layouts/assets/images/digital/bg01.jpg]
[shreethemes.in/techwind/layouts/assets/images/event/bg.jpg]
[shreethemes.in/techwind/layouts/assets/images/event/bg2.jpg]
[shreethemes.in/techwind/layouts/assets/images/event/bg3.jpg]
[shreethemes.in/techwind/layouts/assets/images/food/bg01.jpg]
[shreethemes.in/techwind/layouts/assets/images/food/blog/recipe.jpg]
[shreethemes.in/techwind/layouts/assets/images/food/cta.jpg]
[shreethemes.in/techwind/layouts/assets/images/food/food-menu.png]
[shreethemes.in/techwind/layouts/assets/images/food/menu.jpg]
[shreethemes.in/techwind/layouts/assets/images/furniture/bg01.jpg]
[shreethemes.in/techwind/layouts/assets/images/furniture/bg02.jpg]
[shreethemes.in/techwind/layouts/assets/images/furniture/bg03.jpg]
[shreethemes.in/techwind/layouts/assets/images/furniture/bg04.jpg]
[shreethemes.in/techwind/layouts/assets/images/gym/bg1.jpg]
[shreethemes.in/techwind/layouts/assets/images/gym/cta.jpg]
[shreethemes.in/techwind/layouts/assets/images/helpcenter.jpg]
[shreethemes.in/techwind/layouts/assets/images/home-shape.png]
[shreethemes.in/techwind/layouts/assets/images/hospital/bg.jpg]
[shreethemes.in/techwind/layouts/assets/images/hosting/bg-hosting.jpg]
[shreethemes.in/techwind/layouts/assets/images/hosting/bg.png]
[shreethemes.in/techwind/layouts/assets/images/insurance/bg.jpg]
[shreethemes.in/techwind/layouts/assets/images/insurance/cta.png]
[shreethemes.in/techwind/layouts/assets/images/job/curve-shape.png]
[shreethemes.in/techwind/layouts/assets/images/job/job.jpg]
[shreethemes.in/techwind/layouts/assets/images/law/bg.jpg]
[shreethemes.in/techwind/layouts/assets/images/map.png]
[shreethemes.in/techwind/layouts/assets/images/overlay.png]
[shreethemes.in/techwind/layouts/assets/images/photography/photographer.jpg]
[shreethemes.in/techwind/layouts/assets/images/portfolio/bg-inner.jpg]
[shreethemes.in/techwind/layouts/assets/images/real/bg/01.jpg]
[shreethemes.in/techwind/layouts/assets/images/saas/cta.jpg]
[shreethemes.in/techwind/layouts/assets/images/saas/home.jpg]
[shreethemes.in/techwind/layouts/assets/images/services.jpg]
[shreethemes.in/techwind/layouts/assets/images/shop/bg.jpg]
[shreethemes.in/techwind/layouts/assets/images/shop/cta.jpg]
[shreethemes.in/techwind/layouts/assets/images/spa/bg.jpg]
[shreethemes.in/techwind/layouts/assets/images/spa/cta.jpg]
[shreethemes.in/techwind/layouts/assets/images/team.jpg]
[shreethemes.in/techwind/layouts/assets/images/utility.jpg]
[shreethemes.in/techwind/layouts/assets/images/yoga/ab01.jpg]
[shreethemes.in/techwind/layouts/assets/images/yoga/ab02.jpg]
[shreethemes.in/techwind/layouts/assets/images/yoga/ab03.jpg]
[shreethemes.in/techwind/layouts/assets/images/yoga/bg.jpg]
[shreethemes.in/techwind/layouts/assets/images/yoga/bg02.jpg]
[shreethemes.in/techwind/layouts/assets/images/yoga/i11.jpg]
[shreethemes.in/techwind/layouts/assets/images/yoga/i9.jpg]
[shreethemes.in/techwind/layouts/assets/images/it/bg.jpg]
[shreethemes.in/techwind/layouts/assets/images/nft/hero.png]
[shreethemes.in/techwind/layouts/assets/images/it/bg-rtl.jpg]
[shreethemes.in/techwind/layouts/assets/images/nft/hero-rtl.png]
[shreethemes.in/techwind/layouts/assets/images/job/curve-shape-dark.png]
[shreethemes.in/techwind/layouts/assets/css/tailwind.css]
[shreethemes.in/techwind/layouts/assets/libs/animate.css/animate.min.css]
[shreethemes.in/techwind/layouts/assets/libs/tobii/css/tobii.min.css]
[shreethemes.in/techwind/layouts/assets/images/saas/classic01.png]
[shreethemes.in/techwind/layouts/assets/images/saas/classic02.png]
[shreethemes.in/techwind/layouts/assets/images/saas/classic03.png]
[shreethemes.in/techwind/layouts/assets/images/saas/home.png]
[shreethemes.in/techwind/layouts/assets/images/blog/01.jpg]
[shreethemes.in/techwind/layouts/assets/images/blog/02.jpg]
[shreethemes.in/techwind/layouts/assets/images/blog/03.jpg]
[shreethemes.in/techwind/layouts/assets/libs/wow.js/wow.min.js]
[shreethemes.in/techwind/layouts/index-saas.html]
[shreethemes.in/techwind/layouts/assets/libs/tobii/js/tobii.min.js]
[shreethemes.in/techwind/layouts/assets/images/laptop.png]
[shreethemes.in/techwind/layouts/assets/images/saas/about.jpg]
[shreethemes.in/techwind/layouts/assets/images/app/app.png]
[shreethemes.in/techwind/layouts/assets/images/app/playstore.png]
[shreethemes.in/techwind/layouts/index-classic-saas.html]
[shreethemes.in/techwind/layouts/assets/images/logo-icon-40.png]
[shreethemes.in/techwind/layouts/assets/images/modern.mp4]
[shreethemes.in/techwind/layouts/index-modern-saas.html]
[shreethemes.in/techwind/layouts/assets/libs/jarallax/jarallax.min.js]
[shreethemes.in/techwind/layouts/assets/images/app/1.png]
[shreethemes.in/techwind/layouts/assets/images/app/classic01.png]
[shreethemes.in/techwind/layouts/assets/images/app/classic02.png]
[shreethemes.in/techwind/layouts/assets/images/app/classic04.png]
[shreethemes.in/techwind/layouts/assets/images/feature.png]
[shreethemes.in/techwind/layouts/index-apps.html]
[shreethemes.in/techwind/layouts/assets/images/client/9.png]
[shreethemes.in/techwind/layouts/assets/images/client/10.png]
[shreethemes.in/techwind/layouts/assets/images/client/11.png]
[shreethemes.in/techwind/layouts/assets/images/client/12.png]
[shreethemes.in/techwind/layouts/assets/images/client/13.png]
[shreethemes.in/techwind/layouts/assets/images/client/14.png]
[shreethemes.in/techwind/layouts/assets/images/avatar.jpg]
[shreethemes.in/techwind/layouts/assets/images/notification.jpg]
[shreethemes.in/techwind/layouts/assets/images/about/ab02.jpg]
[shreethemes.in/techwind/layouts/assets/images/about/ab01.jpg]
[shreethemes.in/techwind/layouts/assets/images/sales-chart.jpg]
[shreethemes.in/techwind/layouts/index-classic-app.html]
[shreethemes.in/techwind/layouts/assets/images/smartwatch/hero.png]
[shreethemes.in/techwind/layouts/assets/images/smartwatch/1.jpg]
[shreethemes.in/techwind/layouts/assets/images/smartwatch/2.jpg]
[shreethemes.in/techwind/layouts/assets/images/smartwatch/2.png]
[shreethemes.in/techwind/layouts/assets/images/smartwatch/1.png]
[shreethemes.in/techwind/layouts/assets/images/smartwatch/bg2.jpg]
[shreethemes.in/techwind/layouts/assets/images/smartwatch/feature.png]
[shreethemes.in/techwind/layouts/index-smartwatch.html]
[shreethemes.in/techwind/layouts/assets/images/marketing.png]
[shreethemes.in/techwind/layouts/assets/images/shape-image.png]
[shreethemes.in/techwind/layouts/index-marketing.html]
[shreethemes.in/techwind/layouts/assets/images/cowork/7.jpg]
[shreethemes.in/techwind/layouts/assets/images/cowork/8.jpg]
[shreethemes.in/techwind/layouts/assets/images/cowork/9.jpg]
[shreethemes.in/techwind/layouts/assets/images/business/about01.jpg]
[shreethemes.in/techwind/layouts/assets/images/business/about02.jpg]
[shreethemes.in/techwind/layouts/index-seo.html]
[shreethemes.in/techwind/layouts/index-software.html]
[shreethemes.in/techwind/layouts/assets/images/payments/fund.png]
[shreethemes.in/techwind/layouts/assets/images/payments/payment/visaa.png]
[shreethemes.in/techwind/layouts/assets/images/client/facebook-logo-2019.png]
[shreethemes.in/techwind/layouts/assets/images/client/lenovo-logo.png]
[shreethemes.in/techwind/layouts/assets/images/client/linkedin.png]
[shreethemes.in/techwind/layouts/index-payment.html]
[shreethemes.in/techwind/layouts/assets/images/charity/about.jpg]
[shreethemes.in/techwind/layouts/assets/images/charity/cause01.jpg]
[shreethemes.in/techwind/layouts/assets/images/charity/cause02.jpg]
[shreethemes.in/techwind/layouts/assets/images/charity/cause03.jpg]
[shreethemes.in/techwind/layouts/assets/images/charity/cause04.jpg]
[shreethemes.in/techwind/layouts/assets/images/charity/cause05.jpg]
[shreethemes.in/techwind/layouts/assets/images/charity/cause06.jpg]
[shreethemes.in/techwind/layouts/assets/images/client/07.jpg]
[shreethemes.in/techwind/layouts/index-charity.html]
[shreethemes.in/techwind/layouts/assets/images/hero1.png]
[shreethemes.in/techwind/layouts/assets/images/about/ab03.jpg]
[shreethemes.in/techwind/layouts/index-it-solution.html]
[shreethemes.in/techwind/layouts/assets/images/it/about.jpg]
[shreethemes.in/techwind/layouts/index-it-solution-two.html]
[shreethemes.in/techwind/layouts/assets/images/digital/02.jpg]
[shreethemes.in/techwind/layouts/assets/images/digital/01.jpg]
[shreethemes.in/techwind/layouts/assets/images/digital/03.jpg]
[shreethemes.in/techwind/layouts/assets/images/digital/04.jpg]
[shreethemes.in/techwind/layouts/assets/images/digital/cta.jpg]
[shreethemes.in/techwind/layouts/assets/images/portfolio/pro1.jpg]
[shreethemes.in/techwind/layouts/assets/images/portfolio/pro2.jpg]
[shreethemes.in/techwind/layouts/assets/images/portfolio/pro3.jpg]
[shreethemes.in/techwind/layouts/assets/images/portfolio/pro4.jpg]
[shreethemes.in/techwind/layouts/assets/images/portfolio/pro5.jpg]
[shreethemes.in/techwind/layouts/assets/images/portfolio/pro6.jpg]
[shreethemes.in/techwind/layouts/index-digital-agency.html]
[shreethemes.in/techwind/layouts/assets/libs/shufflejs/shuffle.min.js]
[shreethemes.in/techwind/layouts/assets/libs/js-datepicker/datepicker.min.css]
[shreethemes.in/techwind/layouts/assets/images/food/about.jpg]
[shreethemes.in/techwind/layouts/assets/images/sign.png]
[shreethemes.in/techwind/layouts/assets/images/food/1.jpg]
[shreethemes.in/techwind/layouts/assets/images/food/2.jpg]
[shreethemes.in/techwind/layouts/assets/images/food/3.jpg]
[shreethemes.in/techwind/layouts/assets/images/food/4.jpg]
[shreethemes.in/techwind/layouts/assets/images/food/5.jpg]
[shreethemes.in/techwind/layouts/assets/images/food/6.jpg]
[shreethemes.in/techwind/layouts/assets/images/food/7.jpg]
[shreethemes.in/techwind/layouts/assets/images/food/8.jpg]
[shreethemes.in/techwind/layouts/assets/images/food/9.jpg]
[shreethemes.in/techwind/layouts/assets/images/food/10.jpg]
[shreethemes.in/techwind/layouts/assets/images/food/11.jpg]
[shreethemes.in/techwind/layouts/assets/images/food/12.jpg]
[shreethemes.in/techwind/layouts/assets/images/food/13.jpg]
[shreethemes.in/techwind/layouts/assets/images/food/14.jpg]
[shreethemes.in/techwind/layouts/assets/images/food/15.jpg]
[shreethemes.in/techwind/layouts/assets/images/logo-icon-80.png]
[shreethemes.in/techwind/layouts/index-restaurent.html]
[shreethemes.in/techwind/layouts/assets/libs/js-datepicker/datepicker.min.js]
[shreethemes.in/techwind/layouts/assets/images/hosting/com.jpg]
[shreethemes.in/techwind/layouts/assets/images/hosting/biz.jpg]
[shreethemes.in/techwind/layouts/assets/images/hosting/me.jpg]
[shreethemes.in/techwind/layouts/assets/images/hosting/mobi.jpg]
[shreethemes.in/techwind/layouts/assets/images/hosting/net.jpg]
[shreethemes.in/techwind/layouts/assets/images/hosting/org.jpg]
[shreethemes.in/techwind/layouts/assets/images/hosting/tv.jpg]
[shreethemes.in/techwind/layouts/assets/images/hosting/us.jpg]
[shreethemes.in/techwind/layouts/assets/images/hosting/2.png]
[shreethemes.in/techwind/layouts/assets/images/hosting/1.png]
[shreethemes.in/techwind/layouts/index-hosting.html]
[shreethemes.in/techwind/layouts/assets/images/logo-icon-30.png]
[shreethemes.in/techwind/layouts/assets/images/client/08.jpg]
[shreethemes.in/techwind/layouts/assets/images/nft/items/1.jpg]
[shreethemes.in/techwind/layouts/assets/images/nft/items/2.jpg]
[shreethemes.in/techwind/layouts/assets/images/nft/items/3.jpg]
[shreethemes.in/techwind/layouts/assets/images/nft/items/4.jpg]
[shreethemes.in/techwind/layouts/assets/images/nft/items/5.jpg]
[shreethemes.in/techwind/layouts/assets/images/nft/items/6.jpg]
[shreethemes.in/techwind/layouts/assets/images/nft/items/7.jpg]
[shreethemes.in/techwind/layouts/assets/images/nft/items/8.jpg]
[shreethemes.in/techwind/layouts/assets/images/nft/items/16.jpg]
[shreethemes.in/techwind/layouts/assets/images/nft/items/17.jpg]
[shreethemes.in/techwind/layouts/assets/images/nft/items/18.jpg]
[shreethemes.in/techwind/layouts/assets/images/nft/items/9.jpg]
[shreethemes.in/techwind/layouts/assets/images/nft/items/21.jpg]
[shreethemes.in/techwind/layouts/assets/images/nft/items/22.jpg]
[shreethemes.in/techwind/layouts/assets/images/nft/items/23.jpg]
[shreethemes.in/techwind/layouts/index-nft.html]
[shreethemes.in/techwind/layouts/assets/images/hotel/ab1.jpg]
[shreethemes.in/techwind/layouts/assets/images/hotel/ab2.jpg]
[shreethemes.in/techwind/layouts/assets/images/hotel/1.jpg]
[shreethemes.in/techwind/layouts/assets/images/hotel/2.jpg]
[shreethemes.in/techwind/layouts/assets/images/hotel/3.jpg]
[shreethemes.in/techwind/layouts/assets/images/hotel/4.jpg]
[shreethemes.in/techwind/layouts/assets/images/hotel/5.jpg]
[shreethemes.in/techwind/layouts/assets/images/hotel/6.jpg]
[shreethemes.in/techwind/layouts/assets/images/hotel/7.jpg]
[shreethemes.in/techwind/layouts/assets/images/hotel/8.jpg]
[shreethemes.in/techwind/layouts/assets/images/hotel/ab3.jpg]
[shreethemes.in/techwind/layouts/assets/images/hotel/b1.jpg]
[shreethemes.in/techwind/layouts/assets/images/hotel/b2.jpg]
[shreethemes.in/techwind/layouts/assets/images/hotel/b3.jpg]
[shreethemes.in/techwind/layouts/assets/js/easy_background.js]
[shreethemes.in/techwind/layouts/assets/images/hotel/bg2.jpg]
[shreethemes.in/techwind/layouts/index-hotel.html]
[shreethemes.in/techwind/layouts/assets/images/cafe/cafe-services.png]
[shreethemes.in/techwind/layouts/assets/images/cafe/coffee-cup/01.jpg]
[shreethemes.in/techwind/layouts/assets/images/cafe/coffee-cup/02.jpg]
[shreethemes.in/techwind/layouts/assets/images/cafe/coffee-cup/03.jpg]
[shreethemes.in/techwind/layouts/assets/images/cafe/coffee-cup/04.jpg]
[shreethemes.in/techwind/layouts/assets/images/cafe/coffee-cup/05.jpg]
[shreethemes.in/techwind/layouts/assets/images/cafe/coffee-cup/06.jpg]
[shreethemes.in/techwind/layouts/assets/images/cafe/ab.jpg]
[shreethemes.in/techwind/layouts/assets/images/cafe/b1.jpg]
[shreethemes.in/techwind/layouts/assets/images/cafe/b2.jpg]
[shreethemes.in/techwind/layouts/assets/images/cafe/b3.jpg]
[shreethemes.in/techwind/layouts/assets/images/cafe/bg2.jpg]
[shreethemes.in/techwind/layouts/index-cafe.html]
[shreethemes.in/techwind/layouts/assets/images/gym/icon/scale.png]
[shreethemes.in/techwind/layouts/assets/images/gym/fea01.jpg]
[shreethemes.in/techwind/layouts/assets/images/gym/icon/kettlebell.png]
[shreethemes.in/techwind/layouts/assets/images/gym/fea02.jpg]
[shreethemes.in/techwind/layouts/assets/images/gym/icon/water-bottle.png]
[shreethemes.in/techwind/layouts/assets/images/gym/fea03.jpg]
[shreethemes.in/techwind/layouts/assets/images/gym/about01.jpg]
[shreethemes.in/techwind/layouts/assets/images/gym/about02.jpg]
[shreethemes.in/techwind/layouts/assets/images/gym/01.jpg]
[shreethemes.in/techwind/layouts/assets/images/gym/02.jpg]
[shreethemes.in/techwind/layouts/assets/images/gym/03.jpg]
[shreethemes.in/techwind/layouts/assets/images/gym/04.jpg]
[shreethemes.in/techwind/layouts/assets/images/gym/05.jpg]
[shreethemes.in/techwind/layouts/assets/images/gym/06.jpg]
[shreethemes.in/techwind/layouts/assets/images/gym/07.jpg]
[shreethemes.in/techwind/layouts/assets/images/gym/08.jpg]
[shreethemes.in/techwind/layouts/assets/images/gym/09.jpg]
[shreethemes.in/techwind/layouts/assets/images/gym/10.jpg]
[shreethemes.in/techwind/layouts/assets/images/gym/icon/bench-press.png]
[shreethemes.in/techwind/layouts/assets/images/gym/icon/chest-expander.png]
[shreethemes.in/techwind/layouts/assets/images/gym/icon/dumbbell.png]
[shreethemes.in/techwind/layouts/assets/images/gym/icon/gymnastic-rings.png]
[shreethemes.in/techwind/layouts/assets/images/gym/icon/hand-grip.png]
[shreethemes.in/techwind/layouts/assets/images/gym/icon/skipping-rope.png]
[shreethemes.in/techwind/layouts/assets/images/gym/icon/man.png]
[shreethemes.in/techwind/layouts/assets/images/gym/icon/pool.png]
[shreethemes.in/techwind/layouts/assets/images/gym/icon/punching-bag-2.png]
[shreethemes.in/techwind/layouts/assets/images/gym/icon/punching-bag.png]
[shreethemes.in/techwind/layouts/assets/images/gym/team1.jpg]
[shreethemes.in/techwind/layouts/assets/images/gym/team2.jpg]
[shreethemes.in/techwind/layouts/assets/images/gym/team3.jpg]
[shreethemes.in/techwind/layouts/assets/images/gym/team4.jpg]
[shreethemes.in/techwind/layouts/assets/images/gym/blog1.jpg]
[shreethemes.in/techwind/layouts/assets/images/gym/blog2.jpg]
[shreethemes.in/techwind/layouts/assets/images/gym/blog3.jpg]
[shreethemes.in/techwind/layouts/index-gym.html]
[shreethemes.in/techwind/layouts/assets/images/yoga/sound.jpg]
[shreethemes.in/techwind/layouts/assets/images/yoga/maditation.jpg]
[shreethemes.in/techwind/layouts/assets/images/yoga/relaxing.jpg]
[shreethemes.in/techwind/layouts/assets/images/yoga/life-coach.png]
[shreethemes.in/techwind/layouts/assets/images/yoga/meditation.png]
[shreethemes.in/techwind/layouts/assets/images/yoga/nutrition.png]
[shreethemes.in/techwind/layouts/assets/images/yoga/religious.png]
[shreethemes.in/techwind/layouts/assets/images/yoga/cta.jpg]
[shreethemes.in/techwind/layouts/assets/images/yoga/t01.jpg]
[shreethemes.in/techwind/layouts/assets/images/yoga/t02.jpg]
[shreethemes.in/techwind/layouts/assets/images/yoga/t03.jpg]
[shreethemes.in/techwind/layouts/assets/images/yoga/t04.jpg]
[shreethemes.in/techwind/layouts/assets/images/yoga/i1.jpg]
[shreethemes.in/techwind/layouts/assets/images/yoga/i2.jpg]
[shreethemes.in/techwind/layouts/assets/images/yoga/i3.jpg]
[shreethemes.in/techwind/layouts/assets/images/yoga/i4.jpg]
[shreethemes.in/techwind/layouts/assets/images/yoga/i5.jpg]
[shreethemes.in/techwind/layouts/assets/images/yoga/i6.jpg]
[shreethemes.in/techwind/layouts/assets/images/yoga/i7.jpg]
[shreethemes.in/techwind/layouts/assets/images/yoga/i8.jpg]
[shreethemes.in/techwind/layouts/assets/images/yoga/i10.jpg]
[shreethemes.in/techwind/layouts/assets/images/yoga/i12.jpg]
[shreethemes.in/techwind/layouts/assets/images/yoga/i13.jpg]
[shreethemes.in/techwind/layouts/assets/images/yoga/i14.jpg]
[shreethemes.in/techwind/layouts/assets/images/yoga/i15.jpg]
[shreethemes.in/techwind/layouts/index-yoga.html]
[shreethemes.in/techwind/layouts/assets/images/spa/1.jpg]
[shreethemes.in/techwind/layouts/assets/images/spa/2.jpg]
[shreethemes.in/techwind/layouts/assets/images/spa/3.jpg]
[shreethemes.in/techwind/layouts/assets/images/spa/ab1.jpg]
[shreethemes.in/techwind/layouts/assets/images/spa/ab2.jpg]
[shreethemes.in/techwind/layouts/assets/images/spa/icons/facial-mask.png]
[shreethemes.in/techwind/layouts/assets/images/spa/icons/foot-massage.png]
[shreethemes.in/techwind/layouts/assets/images/spa/icons/massage.png]
[shreethemes.in/techwind/layouts/assets/images/spa/icons/natural-product.png]
[shreethemes.in/techwind/layouts/assets/images/spa/icons/relax.png]
[shreethemes.in/techwind/layouts/assets/images/spa/icons/sauna.png]
[shreethemes.in/techwind/layouts/assets/images/spa/icons/spa-and-relaxation.png]
[shreethemes.in/techwind/layouts/assets/images/spa/icons/spa-candles.png]
[shreethemes.in/techwind/layouts/assets/images/spa/icons/spa.png]
[shreethemes.in/techwind/layouts/assets/images/spa/icons/treatment.png]
[shreethemes.in/techwind/layouts/assets/images/spa/b1.jpg]
[shreethemes.in/techwind/layouts/assets/images/spa/b2.jpg]
[shreethemes.in/techwind/layouts/assets/images/spa/b3.jpg]
[shreethemes.in/techwind/layouts/index-spa.html]
[shreethemes.in/techwind/layouts/assets/libs/choices.js/public/assets/styles/choices.min.css]
[shreethemes.in/techwind/layouts/assets/images/client/shree-logo.png]
[shreethemes.in/techwind/layouts/assets/images/client/skype.png]
[shreethemes.in/techwind/layouts/assets/images/client/snapchat.png]
[shreethemes.in/techwind/layouts/assets/images/client/spotify.png]
[shreethemes.in/techwind/layouts/assets/images/client/telegram.png]
[shreethemes.in/techwind/layouts/assets/images/client/whatsapp.png]
[shreethemes.in/techwind/layouts/assets/images/client/android.png]
[shreethemes.in/techwind/layouts/assets/images/client/google-logo.png]
[shreethemes.in/techwind/layouts/index-job.html]
[shreethemes.in/techwind/layouts/assets/libs/choices.js/public/assets/scripts/choices.min.js]
[shreethemes.in/techwind/layouts/assets/images/startup/02.png]
[shreethemes.in/techwind/layouts/index-startup.html]
[shreethemes.in/techwind/layouts/index-business.html]
[shreethemes.in/techwind/layouts/assets/libs/swiper/css/swiper.min.css]
[shreethemes.in/techwind/layouts/assets/images/corporate/1.jpg]
[shreethemes.in/techwind/layouts/assets/images/corporate/2.jpg]
[shreethemes.in/techwind/layouts/assets/images/company/about2.png]
[shreethemes.in/techwind/layouts/assets/images/cta-bg.jpg]
[shreethemes.in/techwind/layouts/index-corporate.html]
[shreethemes.in/techwind/layouts/assets/libs/swiper/js/swiper.min.js]
[shreethemes.in/techwind/layouts/assets/images/corporate/experience-wall.jpg]
[shreethemes.in/techwind/layouts/assets/images/portfolio/01.jpg]
[shreethemes.in/techwind/layouts/assets/images/portfolio/02.jpg]
[shreethemes.in/techwind/layouts/index-corporate-two.html]
[shreethemes.in/techwind/layouts/assets/images/real/about.jpg]
[shreethemes.in/techwind/layouts/assets/images/real/property/1.jpg]
[shreethemes.in/techwind/layouts/assets/images/real/property/2.jpg]
[shreethemes.in/techwind/layouts/assets/images/real/property/3.jpg]
[shreethemes.in/techwind/layouts/assets/images/real/property/4.jpg]
[shreethemes.in/techwind/layouts/assets/images/real/property/5.jpg]
[shreethemes.in/techwind/layouts/assets/images/real/property/6.jpg]
[shreethemes.in/techwind/layouts/assets/images/real/bg/02.jpg]
[shreethemes.in/techwind/layouts/index-real-estate.html]
[shreethemes.in/techwind/layouts/assets/images/consulting/1.jpg]
[shreethemes.in/techwind/layouts/assets/images/consulting/2.jpg]
[shreethemes.in/techwind/layouts/assets/images/consulting/3.jpg]
[shreethemes.in/techwind/layouts/index-consulting.html]
[shreethemes.in/techwind/layouts/assets/images/insurance/hero.png]
[shreethemes.in/techwind/layouts/assets/images/insurance/1.jpg]
[shreethemes.in/techwind/layouts/assets/images/insurance/2.jpg]
[shreethemes.in/techwind/layouts/assets/images/insurance/3.jpg]
[shreethemes.in/techwind/layouts/assets/images/insurance/4.jpg]
[shreethemes.in/techwind/layouts/assets/images/insurance/5.jpg]
[shreethemes.in/techwind/layouts/assets/images/insurance/6.jpg]
[shreethemes.in/techwind/layouts/assets/images/insurance/7.jpg]
[shreethemes.in/techwind/layouts/assets/images/cowork/10.jpg]
[shreethemes.in/techwind/layouts/index-insurance.html]
[shreethemes.in/techwind/layouts/assets/images/construction/ab01.jpg]
[shreethemes.in/techwind/layouts/assets/images/construction/ab02.jpg]
[shreethemes.in/techwind/layouts/assets/images/construction/1.jpg]
[shreethemes.in/techwind/layouts/assets/images/construction/2.jpg]
[shreethemes.in/techwind/layouts/assets/images/construction/3.jpg]
[shreethemes.in/techwind/layouts/assets/images/construction/4.jpg]
[shreethemes.in/techwind/layouts/assets/images/construction/5.jpg]
[shreethemes.in/techwind/layouts/assets/images/construction/6.jpg]
[shreethemes.in/techwind/layouts/index-construction.html]
[shreethemes.in/techwind/layouts/assets/images/law/ab1.jpg]
[shreethemes.in/techwind/layouts/assets/images/law/ab2.jpg]
[shreethemes.in/techwind/layouts/assets/images/law/1.jpg]
[shreethemes.in/techwind/layouts/assets/images/law/2.jpg]
[shreethemes.in/techwind/layouts/assets/images/law/3.jpg]
[shreethemes.in/techwind/layouts/assets/images/law/4.jpg]
[shreethemes.in/techwind/layouts/assets/images/law/5.jpg]
[shreethemes.in/techwind/layouts/assets/images/law/6.jpg]
[shreethemes.in/techwind/layouts/assets/images/law/7.jpg]
[shreethemes.in/techwind/layouts/assets/images/law/bg2.jpg]
[shreethemes.in/techwind/layouts/index-law.html]
[shreethemes.in/techwind/layouts/video-portfolio.html]
[shreethemes.in/techwind/layouts/assets/images/video/bg.png]
[shreethemes.in/techwind/layouts/index-video.html]
[shreethemes.in/techwind/layouts/assets/images/personal/hero-overlay.png]
[shreethemes.in/techwind/layouts/assets/images/personal/hero.jpg]
[shreethemes.in/techwind/layouts/assets/images/client/circle-logo.png]
[shreethemes.in/techwind/layouts/assets/images/personal/cta.jpg]
[shreethemes.in/techwind/layouts/assets/images/portfolio/1.jpg]
[shreethemes.in/techwind/layouts/assets/images/portfolio/2.jpg]
[shreethemes.in/techwind/layouts/assets/images/portfolio/3.jpg]
[shreethemes.in/techwind/layouts/assets/images/portfolio/4.jpg]
[shreethemes.in/techwind/layouts/assets/images/portfolio/5.jpg]
[shreethemes.in/techwind/layouts/assets/images/portfolio/6.jpg]
[shreethemes.in/techwind/layouts/assets/images/portfolio/7.jpg]
[shreethemes.in/techwind/layouts/assets/images/portfolio/8.jpg]
[shreethemes.in/techwind/layouts/index-personal.html]
[shreethemes.in/techwind/layouts/assets/images/portfolio/10.jpg]
[shreethemes.in/techwind/layouts/assets/images/portfolio/11.jpg]
[shreethemes.in/techwind/layouts/assets/images/portfolio/13.jpg]
[shreethemes.in/techwind/layouts/assets/images/portfolio/14.jpg]
[shreethemes.in/techwind/layouts/assets/images/portfolio/12.jpg]
[shreethemes.in/techwind/layouts/assets/images/portfolio/9.jpg]
[shreethemes.in/techwind/layouts/assets/images/portfolio/15.jpg]
[shreethemes.in/techwind/layouts/assets/images/portfolio/16.jpg]
[shreethemes.in/techwind/layouts/index-portfolio.html]
[shreethemes.in/techwind/layouts/assets/images/photography/first.jpg]
[shreethemes.in/techwind/layouts/assets/images/photography/hero-text-lg.png]
[shreethemes.in/techwind/layouts/assets/images/photography/hero-text-sm.png]
[shreethemes.in/techwind/layouts/assets/images/photography/last.png]
[shreethemes.in/techwind/layouts/assets/images/photography/01.jpg]
[shreethemes.in/techwind/layouts/assets/images/photography/02.jpg]
[shreethemes.in/techwind/layouts/assets/images/photography/03.jpg]
[shreethemes.in/techwind/layouts/assets/images/photography/04.jpg]
[shreethemes.in/techwind/layouts/assets/images/photography/p1.jpg]
[shreethemes.in/techwind/layouts/assets/images/photography/p2.jpg]
[shreethemes.in/techwind/layouts/assets/images/photography/p3.jpg]
[shreethemes.in/techwind/layouts/assets/images/photography/p4.jpg]
[shreethemes.in/techwind/layouts/assets/images/photography/p5.jpg]
[shreethemes.in/techwind/layouts/assets/images/photography/p7.jpg]
[shreethemes.in/techwind/layouts/assets/images/photography/p11.jpg]
[shreethemes.in/techwind/layouts/assets/images/photography/p10.jpg]
[shreethemes.in/techwind/layouts/assets/images/photography/footer.jpg]
[shreethemes.in/techwind/layouts/index-photography.html]
[shreethemes.in/techwind/layouts/assets/images/studio/01.jpg]
[shreethemes.in/techwind/layouts/assets/images/studio/02.jpg]
[shreethemes.in/techwind/layouts/assets/images/studio/03.jpg]
[shreethemes.in/techwind/layouts/assets/images/studio/p01.jpg]
[shreethemes.in/techwind/layouts/assets/images/studio/p02.jpg]
[shreethemes.in/techwind/layouts/assets/images/studio/p03.jpg]
[shreethemes.in/techwind/layouts/assets/images/studio/p04.jpg]
[shreethemes.in/techwind/layouts/assets/images/studio/work1.jpg]
[shreethemes.in/techwind/layouts/assets/images/studio/work2.jpg]
[shreethemes.in/techwind/layouts/assets/images/studio/work3.jpg]
[shreethemes.in/techwind/layouts/assets/images/studio/work4.jpg]
[shreethemes.in/techwind/layouts/assets/images/studio/work5.jpg]
[shreethemes.in/techwind/layouts/assets/images/studio/work6.jpg]
[shreethemes.in/techwind/layouts/assets/images/studio/work7.jpg]
[shreethemes.in/techwind/layouts/index-studio.html]
[shreethemes.in/techwind/layouts/assets/images/logo-icon-64.png]
[shreethemes.in/techwind/layouts/assets/images/cowork/1.jpg]
[shreethemes.in/techwind/layouts/assets/images/cowork/2.jpg]
[shreethemes.in/techwind/layouts/assets/images/cowork/3.jpg]
[shreethemes.in/techwind/layouts/assets/images/cowork/4.jpg]
[shreethemes.in/techwind/layouts/assets/images/cowork/5.jpg]
[shreethemes.in/techwind/layouts/assets/images/cowork/6.jpg]
[shreethemes.in/techwind/layouts/index-coworking.html]
[shreethemes.in/techwind/layouts/assets/images/course/hero.png]
[shreethemes.in/techwind/layouts/assets/images/course/c1.jpg]
[shreethemes.in/techwind/layouts/assets/images/course/c2.jpg]
[shreethemes.in/techwind/layouts/assets/images/course/c3.jpg]
[shreethemes.in/techwind/layouts/assets/images/course/c4.jpg]
[shreethemes.in/techwind/layouts/assets/images/course/c5.jpg]
[shreethemes.in/techwind/layouts/assets/images/course/c6.jpg]
[shreethemes.in/techwind/layouts/index-course.html]
[shreethemes.in/techwind/layouts/assets/images/event/1.jpg]
[shreethemes.in/techwind/layouts/assets/images/event/2.jpg]
[shreethemes.in/techwind/layouts/assets/images/event/eve-sch/1.jpg]
[shreethemes.in/techwind/layouts/assets/images/event/eve-sch/2.jpg]
[shreethemes.in/techwind/layouts/assets/images/event/eve-sch/3.jpg]
[shreethemes.in/techwind/layouts/assets/images/event/eve-sch/4.jpg]
[shreethemes.in/techwind/layouts/assets/images/event/eve-sch/5.jpg]
[shreethemes.in/techwind/layouts/assets/images/event/eve-sch/6.jpg]
[shreethemes.in/techwind/layouts/assets/images/event/eve-sch/7.jpg]
[shreethemes.in/techwind/layouts/assets/images/event/eve-sch/8.jpg]
[shreethemes.in/techwind/layouts/assets/images/event/eve-sch/9.jpg]
[shreethemes.in/techwind/layouts/assets/images/event/eve-sch/10.jpg]
[shreethemes.in/techwind/layouts/assets/images/event/eve-sch/11.jpg]
[shreethemes.in/techwind/layouts/assets/images/event/eve-sch/12.jpg]
[shreethemes.in/techwind/layouts/index-event.html]
[shreethemes.in/techwind/layouts/assets/images/hospital/about-2.png]
[shreethemes.in/techwind/layouts/index-hospital.html]
[shreethemes.in/techwind/layouts/index-phone-number.html]
[shreethemes.in/techwind/layouts/assets/images/blog/06.jpg]
[shreethemes.in/techwind/layouts/assets/images/blog/07.jpg]
[shreethemes.in/techwind/layouts/assets/images/blog/08.jpg]
[shreethemes.in/techwind/layouts/index-forums.html]
[shreethemes.in/techwind/layouts/shop-about.html]
[shreethemes.in/techwind/layouts/assets/images/shop/hoodie.jpg]
[shreethemes.in/techwind/layouts/assets/images/shop/beanie.jpg]
[shreethemes.in/techwind/layouts/assets/images/shop/glasses.jpg]
[shreethemes.in/techwind/layouts/assets/images/shop/items/s1.jpg]
[shreethemes.in/techwind/layouts/assets/images/shop/items/s2.jpg]
[shreethemes.in/techwind/layouts/assets/images/shop/items/s3.jpg]
[shreethemes.in/techwind/layouts/assets/images/shop/items/s4.jpg]
[shreethemes.in/techwind/layouts/assets/images/shop/items/s5.jpg]
[shreethemes.in/techwind/layouts/assets/images/shop/items/s6.jpg]
[shreethemes.in/techwind/layouts/assets/images/shop/items/s7.jpg]
[shreethemes.in/techwind/layouts/assets/images/shop/items/s8.jpg]
[shreethemes.in/techwind/layouts/assets/images/shop/categories/electronics.jpg]
[shreethemes.in/techwind/layouts/assets/images/shop/categories/fashion.jpg]
[shreethemes.in/techwind/layouts/assets/images/shop/categories/furniture.jpg]
[shreethemes.in/techwind/layouts/assets/images/shop/categories/mobile.jpg]
[shreethemes.in/techwind/layouts/assets/images/shop/categories/music.jpg]
[shreethemes.in/techwind/layouts/assets/images/shop/categories/sports.jpg]
[shreethemes.in/techwind/layouts/assets/images/shop/items/s9.jpg]
[shreethemes.in/techwind/layouts/assets/images/shop/items/s10.jpg]
[shreethemes.in/techwind/layouts/assets/images/shop/items/s11.jpg]
[shreethemes.in/techwind/layouts/assets/images/shop/items/s12.jpg]
[shreethemes.in/techwind/layouts/assets/images/shop/items/s13.jpg]
[shreethemes.in/techwind/layouts/assets/images/shop/items/s14.jpg]
[shreethemes.in/techwind/layouts/assets/images/shop/items/s15.jpg]
[shreethemes.in/techwind/layouts/assets/images/shop/items/s16.jpg]
[shreethemes.in/techwind/layouts/index-shop.html]
[shreethemes.in/techwind/layouts/assets/images/crypto/01.png]
[shreethemes.in/techwind/layouts/assets/images/crypto/coin/auroracoin.png]
[shreethemes.in/techwind/layouts/assets/images/crypto/coin/avalanche.png]
[shreethemes.in/techwind/layouts/assets/images/crypto/coin/binance.png]
[shreethemes.in/techwind/layouts/assets/images/crypto/coin/bitcoin-cash.png]
[shreethemes.in/techwind/layouts/assets/images/crypto/coin/bitcoin.png]
[shreethemes.in/techwind/layouts/assets/images/crypto/coin/bittorrent.png]
[shreethemes.in/techwind/layouts/assets/images/crypto/coin/blocknet.png]
[shreethemes.in/techwind/layouts/assets/images/crypto/coin/coinye.png]
[shreethemes.in/techwind/layouts/assets/images/crypto/coin/ethereum.png]
[shreethemes.in/techwind/layouts/assets/images/crypto/coin/kucoin.png]
[shreethemes.in/techwind/layouts/assets/images/crypto/coin/litecoin.png]
[shreethemes.in/techwind/layouts/assets/images/crypto/coin/monero.png]
[shreethemes.in/techwind/layouts/assets/images/crypto/coin/potcoin.png]
[shreethemes.in/techwind/layouts/assets/images/crypto/coin/primecoin.png]
[shreethemes.in/techwind/layouts/assets/images/crypto/coin/zcash.png]
[shreethemes.in/techwind/layouts/assets/images/crypto/hand-with-mobile.png]
[shreethemes.in/techwind/layouts/index-crypto.html]
[shreethemes.in/techwind/layouts/index-landing-one.html]
[shreethemes.in/techwind/layouts/index-landing-two.html]
[shreethemes.in/techwind/layouts/index-landing-three.html]
[shreethemes.in/techwind/layouts/index-landing-four.html]
[shreethemes.in/techwind/layouts/index-service.html]
[shreethemes.in/techwind/layouts/assets/images/food/blog/m1.jpg]
[shreethemes.in/techwind/layouts/assets/images/food/blog/m6.jpg]
[shreethemes.in/techwind/layouts/assets/images/food/blog/m3.jpg]
[shreethemes.in/techwind/layouts/assets/images/food/blog/m4.jpg]
[shreethemes.in/techwind/layouts/assets/images/food/blog/m5.jpg]
[shreethemes.in/techwind/layouts/assets/images/food/blog/m2.jpg]
[shreethemes.in/techwind/layouts/assets/images/food/blog/f1.jpg]
[shreethemes.in/techwind/layouts/assets/images/food/blog/f2.jpg]
[shreethemes.in/techwind/layouts/assets/images/food/blog/f3.jpg]
[shreethemes.in/techwind/layouts/assets/images/food/blog/f4.jpg]
[shreethemes.in/techwind/layouts/assets/images/food/blog/f5.jpg]
[shreethemes.in/techwind/layouts/assets/images/food/blog/1.jpg]
[shreethemes.in/techwind/layouts/assets/images/food/blog/5.jpg]
[shreethemes.in/techwind/layouts/assets/images/food/blog/2.jpg]
[shreethemes.in/techwind/layouts/assets/images/food/blog/6.jpg]
[shreethemes.in/techwind/layouts/assets/images/food/blog/3.jpg]
[shreethemes.in/techwind/layouts/assets/images/food/blog/7.jpg]
[shreethemes.in/techwind/layouts/assets/images/food/blog/8.jpg]
[shreethemes.in/techwind/layouts/assets/images/food/blog/4.jpg]
[shreethemes.in/techwind/layouts/index-food-blog.html]
[shreethemes.in/techwind/layouts/assets/images/blog/09.jpg]
[shreethemes.in/techwind/layouts/assets/images/blog/10.jpg]
[shreethemes.in/techwind/layouts/assets/images/blog/11.jpg]
[shreethemes.in/techwind/layouts/assets/images/blog/12.jpg]
[shreethemes.in/techwind/layouts/assets/images/blog/13.jpg]
[shreethemes.in/techwind/layouts/assets/images/blog/14.jpg]
[shreethemes.in/techwind/layouts/assets/images/blog/04.jpg]
[shreethemes.in/techwind/layouts/assets/images/blog/05.jpg]
[shreethemes.in/techwind/layouts/index-blog.html]
[shreethemes.in/techwind/layouts/assets/images/furniture/fea1.jpg]
[shreethemes.in/techwind/layouts/assets/images/furniture/fea2.jpg]
[shreethemes.in/techwind/layouts/assets/images/furniture/i1.jpg]
[shreethemes.in/techwind/layouts/assets/images/furniture/i2.jpg]
[shreethemes.in/techwind/layouts/assets/images/furniture/i3.jpg]
[shreethemes.in/techwind/layouts/assets/images/furniture/i4.jpg]
[shreethemes.in/techwind/layouts/assets/images/furniture/i5.jpg]
[shreethemes.in/techwind/layouts/assets/images/furniture/i6.jpg]
[shreethemes.in/techwind/layouts/assets/images/furniture/i7.jpg]
[shreethemes.in/techwind/layouts/assets/images/furniture/i8.jpg]
[shreethemes.in/techwind/layouts/assets/images/furniture/fea3.jpg]
[shreethemes.in/techwind/layouts/assets/images/furniture/fea4.jpg]
[shreethemes.in/techwind/layouts/assets/images/furniture/fea5.jpg]
[shreethemes.in/techwind/layouts/assets/images/furniture/insta-1.jpg]
[shreethemes.in/techwind/layouts/assets/images/furniture/insta-2.jpg]
[shreethemes.in/techwind/layouts/assets/images/furniture/insta-3.jpg]
[shreethemes.in/techwind/layouts/assets/images/furniture/insta-4.jpg]
[shreethemes.in/techwind/layouts/assets/images/furniture/insta-5.jpg]
[shreethemes.in/techwind/layouts/assets/images/furniture/insta-6.jpg]
[shreethemes.in/techwind/layouts/assets/images/furniture/insta-7.jpg]
[shreethemes.in/techwind/layouts/assets/images/furniture/insta-8.jpg]
[shreethemes.in/techwind/layouts/assets/images/furniture/insta-9.jpg]
[shreethemes.in/techwind/layouts/assets/images/furniture/insta-10.jpg]
[shreethemes.in/techwind/layouts/assets/images/furniture/insta-11.jpg]
[shreethemes.in/techwind/layouts/assets/images/furniture/insta-12.jpg]
[shreethemes.in/techwind/layouts/index-furniture.html]
[shreethemes.in/techwind/layouts/assets/libs/gumshoejs/gumshoe.min.js]
[shreethemes.in/techwind/layouts/index-landing-five.html]
[shreethemes.in/techwind/layouts/assets/images/hero2.png]
[shreethemes.in/techwind/layouts/page-aboutus.html]
[shreethemes.in/techwind/layouts/assets/images/portfolio/20.jpg]
[shreethemes.in/techwind/layouts/assets/images/portfolio/21.jpg]
[shreethemes.in/techwind/layouts/assets/images/portfolio/22.jpg]
[shreethemes.in/techwind/layouts/assets/images/portfolio/23.jpg]
[shreethemes.in/techwind/layouts/page-services.html]
[shreethemes.in/techwind/layouts/page-team.html]
[shreethemes.in/techwind/layouts/page-pricing.html]
[shreethemes.in/techwind/layouts/page-testimonial.html]
[shreethemes.in/techwind/layouts/user-profile.html]
[shreethemes.in/techwind/layouts/user-billing.html]
[shreethemes.in/techwind/layouts/user-payment.html]
[shreethemes.in/techwind/layouts/user-invoice.html]
[shreethemes.in/techwind/layouts/user-social.html]
[shreethemes.in/techwind/layouts/user-notification.html]
[shreethemes.in/techwind/layouts/user-setting.html]
[shreethemes.in/techwind/layouts/assets/images/real/property/7.jpg]
[shreethemes.in/techwind/layouts/assets/images/real/property/8.jpg]
[shreethemes.in/techwind/layouts/assets/images/real/property/9.jpg]
[shreethemes.in/techwind/layouts/assets/images/real/property/10.jpg]
[shreethemes.in/techwind/layouts/assets/images/real/property/11.jpg]
[shreethemes.in/techwind/layouts/assets/images/real/property/12.jpg]
[shreethemes.in/techwind/layouts/property-listing.html]
[shreethemes.in/techwind/layouts/assets/images/real/property/single/1.jpg]
[shreethemes.in/techwind/layouts/assets/images/real/property/single/2.jpg]
[shreethemes.in/techwind/layouts/assets/images/real/property/single/3.jpg]
[shreethemes.in/techwind/layouts/assets/images/real/property/single/4.jpg]
[shreethemes.in/techwind/layouts/assets/images/real/property/single/5.jpg]
[shreethemes.in/techwind/layouts/property-detail.html]
[shreethemes.in/techwind/layouts/assets/images/course/c7.jpg]
[shreethemes.in/techwind/layouts/assets/images/course/c8.jpg]
[shreethemes.in/techwind/layouts/assets/images/course/c9.jpg]
[shreethemes.in/techwind/layouts/assets/images/course/c10.jpg]
[shreethemes.in/techwind/layouts/course-listing.html]
[shreethemes.in/techwind/layouts/course-detail.html]
[shreethemes.in/techwind/layouts/assets/images/nft/items/10.jpg]
[shreethemes.in/techwind/layouts/assets/images/nft/items/11.jpg]
[shreethemes.in/techwind/layouts/assets/images/nft/items/12.jpg]
[shreethemes.in/techwind/layouts/nft-explore.html]
[shreethemes.in/techwind/layouts/nft-auction.html]
[shreethemes.in/techwind/layouts/assets/images/nft/items/19.jpg]
[shreethemes.in/techwind/layouts/assets/images/nft/items/20.jpg]
[shreethemes.in/techwind/layouts/assets/images/nft/items/13.jpg]
[shreethemes.in/techwind/layouts/assets/images/nft/items/14.jpg]
[shreethemes.in/techwind/layouts/assets/images/nft/items/15.jpg]
[shreethemes.in/techwind/layouts/assets/images/nft/items/24.jpg]
[shreethemes.in/techwind/layouts/nft-collection.html]
[shreethemes.in/techwind/layouts/nft-creators.html]
[shreethemes.in/techwind/layouts/assets/images/blog/slide02.jpg]
[shreethemes.in/techwind/layouts/nft-creator-profile.html]
[shreethemes.in/techwind/layouts/nft-creator-profile-edit.html]
[shreethemes.in/techwind/layouts/nft-wallet.html]
[shreethemes.in/techwind/layouts/nft-create-item.html]
[shreethemes.in/techwind/layouts/assets/images/nft/items/item-detail-1.jpg]
[shreethemes.in/techwind/layouts/nft-detail.html]
[shreethemes.in/techwind/layouts/food-recipe.html]
[shreethemes.in/techwind/layouts/shop-grid.html]
[shreethemes.in/techwind/layouts/shop-grid-two.html]
[shreethemes.in/techwind/layouts/assets/images/shop/single/single-2.jpg]
[shreethemes.in/techwind/layouts/assets/images/shop/single/single-3.jpg]
[shreethemes.in/techwind/layouts/assets/images/shop/single/single-4.jpg]
[shreethemes.in/techwind/layouts/assets/images/shop/single/single-5.jpg]
[shreethemes.in/techwind/layouts/assets/images/shop/single/single-6.jpg]
[shreethemes.in/techwind/layouts/shop-item-detail.html]
[shreethemes.in/techwind/layouts/shop-cart.html]
[shreethemes.in/techwind/layouts/shop-checkout.html]
[shreethemes.in/techwind/layouts/shop-account.html]
[shreethemes.in/techwind/layouts/assets/images/photography/about.jpg]
[shreethemes.in/techwind/layouts/photography-about.html]
[shreethemes.in/techwind/layouts/assets/images/photography/p6.jpg]
[shreethemes.in/techwind/layouts/assets/images/photography/p8.jpg]
[shreethemes.in/techwind/layouts/assets/images/photography/p9.jpg]
[shreethemes.in/techwind/layouts/assets/images/photography/p12.jpg]
[shreethemes.in/techwind/layouts/assets/images/photography/p13.jpg]
[shreethemes.in/techwind/layouts/assets/images/photography/p14.jpg]
[shreethemes.in/techwind/layouts/assets/images/photography/p15.jpg]
[shreethemes.in/techwind/layouts/assets/images/photography/p16.jpg]
[shreethemes.in/techwind/layouts/assets/images/photography/p17.jpg]
[shreethemes.in/techwind/layouts/assets/images/photography/p18.jpg]
[shreethemes.in/techwind/layouts/photography-portfolio.html]
[shreethemes.in/techwind/layouts/page-job-grid.html]
[shreethemes.in/techwind/layouts/page-job-detail.html]
[shreethemes.in/techwind/layouts/page-job-apply.html]
[shreethemes.in/techwind/layouts/page-job-post.html]
[shreethemes.in/techwind/layouts/page-job-career.html]
[shreethemes.in/techwind/layouts/page-job-candidates.html]
[shreethemes.in/techwind/layouts/page-job-candidate-detail.html]
[shreethemes.in/techwind/layouts/page-job-companies.html]
[shreethemes.in/techwind/layouts/page-job-company-detail.html]
[shreethemes.in/techwind/layouts/forums-topic.html]
[shreethemes.in/techwind/layouts/forums-comments.html]
[shreethemes.in/techwind/layouts/helpcenter.html]
[shreethemes.in/techwind/layouts/assets/libs/gumshoejs/gumshoe.polyfills.min.js]
[shreethemes.in/techwind/layouts/helpcenter-faqs.html]
[shreethemes.in/techwind/layouts/helpcenter-guides.html]
[shreethemes.in/techwind/layouts/helpcenter-support.html]
[shreethemes.in/techwind/layouts/blog.html]
[shreethemes.in/techwind/layouts/blog-sidebar.html]
[shreethemes.in/techwind/layouts/blog-detail.html]
[shreethemes.in/techwind/layouts/blog-standard-post.html]
[shreethemes.in/techwind/layouts/blog-slider-post.html]
[shreethemes.in/techwind/layouts/blog-gallery-post.html]
[shreethemes.in/techwind/layouts/blog-youtube-post.html]
[shreethemes.in/techwind/layouts/blog-vimeo-post.html]
[shreethemes.in/techwind/layouts/blog-audio-post.html]
[shreethemes.in/techwind/layouts/blog-blockquote-post.html]
[shreethemes.in/techwind/layouts/blog-left-sidebar-post.html]
[shreethemes.in/techwind/layouts/email-confirmation.html]
[shreethemes.in/techwind/layouts/email-password-reset.html]
[shreethemes.in/techwind/layouts/email-alert.html]
[shreethemes.in/techwind/layouts/email-invoice.html]
[shreethemes.in/techwind/layouts/auth-login.html]
[shreethemes.in/techwind/layouts/auth-signup.html]
[shreethemes.in/techwind/layouts/auth-re-password.html]
[shreethemes.in/techwind/layouts/auth-lock-screen.html]
[shreethemes.in/techwind/layouts/page-terms.html]
[shreethemes.in/techwind/layouts/page-privacy.html]
[shreethemes.in/techwind/layouts/page-comingsoon.html]
[shreethemes.in/techwind/layouts/page-maintenance.html]
[shreethemes.in/techwind/layouts/assets/images/error.png]
[shreethemes.in/techwind/layouts/page-error.html]
[shreethemes.in/techwind/layouts/page-thankyou.html]
[shreethemes.in/techwind/layouts/contact-detail.html]
[shreethemes.in/techwind/layouts/contact-one.html]
[shreethemes.in/techwind/layouts/contact-two.html]
[shreethemes.in/techwind/layouts/portfolio-modern-two.html]
[shreethemes.in/techwind/layouts/portfolio-modern-three.html]
[shreethemes.in/techwind/layouts/portfolio-modern-four.html]
[shreethemes.in/techwind/layouts/portfolio-modern-five.html]
[shreethemes.in/techwind/layouts/portfolio-modern-six.html]
[shreethemes.in/techwind/layouts/assets/images/portfolio/03.jpg]
[shreethemes.in/techwind/layouts/assets/images/portfolio/04.jpg]
[shreethemes.in/techwind/layouts/assets/images/portfolio/05.jpg]
[shreethemes.in/techwind/layouts/assets/images/portfolio/06.jpg]
[shreethemes.in/techwind/layouts/assets/images/portfolio/07.jpg]
[shreethemes.in/techwind/layouts/assets/images/portfolio/08.jpg]
[shreethemes.in/techwind/layouts/assets/images/portfolio/09.jpg]
[shreethemes.in/techwind/layouts/assets/images/portfolio/010.jpg]
[shreethemes.in/techwind/layouts/assets/images/portfolio/011.jpg]
[shreethemes.in/techwind/layouts/assets/images/portfolio/012.jpg]
[shreethemes.in/techwind/layouts/portfolio-classic-two.html]
[shreethemes.in/techwind/layouts/portfolio-classic-three.html]
[shreethemes.in/techwind/layouts/portfolio-classic-four.html]
[shreethemes.in/techwind/layouts/portfolio-classic-five.html]
[shreethemes.in/techwind/layouts/portfolio-classic-six.html]
[shreethemes.in/techwind/layouts/portfolio-creative-two.html]
[shreethemes.in/techwind/layouts/portfolio-creative-three.html]
[shreethemes.in/techwind/layouts/portfolio-creative-four.html]
[shreethemes.in/techwind/layouts/portfolio-creative-five.html]
[shreethemes.in/techwind/layouts/portfolio-creative-six.html]
[shreethemes.in/techwind/layouts/portfolio-masonry-two.html]
[shreethemes.in/techwind/layouts/portfolio-masonry-three.html]
[shreethemes.in/techwind/layouts/portfolio-masonry-four.html]
[shreethemes.in/techwind/layouts/portfolio-masonry-five.html]
[shreethemes.in/techwind/layouts/portfolio-masonry-six.html]
[shreethemes.in/techwind/layouts/portfolio-detail-one.html]
[shreethemes.in/techwind/layouts/portfolio-detail-two.html]
[shreethemes.in/techwind/layouts/portfolio-detail-three.html]
[shreethemes.in/techwind/layouts/assets/images/portfolio/17.jpg]
[shreethemes.in/techwind/layouts/assets/images/portfolio/18.jpg]
[shreethemes.in/techwind/layouts/portfolio-detail-four.html]
[shreethemes.in/techwind/layouts/documentation.html]
[shreethemes.in/techwind/layouts/changelog.html]
[shreethemes.in/techwind/layouts/widget.html]
[shreethemes.in/techwind/layouts/assets/images/illustrator/Startup_SVG.svg]
[shreethemes.in/techwind/layouts/assets/images/client/amazon.svg]
[shreethemes.in/techwind/layouts/assets/images/client/google.svg]
[shreethemes.in/techwind/layouts/assets/images/client/lenovo.svg]
[shreethemes.in/techwind/layouts/assets/images/client/paypal.svg]
[shreethemes.in/techwind/layouts/assets/images/client/shopify.svg]
[shreethemes.in/techwind/layouts/assets/images/client/spotify.svg]
[shreethemes.in/techwind/layouts/assets/images/illustrator/SEO_SVG.svg]
[shreethemes.in/techwind/layouts/assets/images/illustrator/Mobile_notification_SVG.svg]
[shreethemes.in/techwind/layouts/assets/libs/@iconscout/unicons/fonts/line/unicons-0.svg]
[shreethemes.in/techwind/layouts/assets/libs/@iconscout/unicons/fonts/line/unicons-1.svg]
[shreethemes.in/techwind/layouts/assets/libs/@iconscout/unicons/fonts/line/unicons-10.svg]
[shreethemes.in/techwind/layouts/assets/libs/@iconscout/unicons/fonts/line/unicons-11.svg]
[shreethemes.in/techwind/layouts/assets/libs/@iconscout/unicons/fonts/line/unicons-12.svg]
[shreethemes.in/techwind/layouts/assets/libs/@iconscout/unicons/fonts/line/unicons-13.svg]
[shreethemes.in/techwind/layouts/assets/libs/@iconscout/unicons/fonts/line/unicons-14.svg]
[shreethemes.in/techwind/layouts/assets/libs/@iconscout/unicons/fonts/line/unicons-15.svg]
[shreethemes.in/techwind/layouts/assets/libs/@iconscout/unicons/fonts/line/unicons-16.svg]
[shreethemes.in/techwind/layouts/assets/libs/@iconscout/unicons/fonts/line/unicons-17.svg]
[shreethemes.in/techwind/layouts/assets/libs/@iconscout/unicons/fonts/line/unicons-18.svg]
[shreethemes.in/techwind/layouts/assets/libs/@iconscout/unicons/fonts/line/unicons-19.svg]
[shreethemes.in/techwind/layouts/assets/libs/@iconscout/unicons/fonts/line/unicons-2.svg]
[shreethemes.in/techwind/layouts/assets/libs/@iconscout/unicons/fonts/line/unicons-20.svg]
[shreethemes.in/techwind/layouts/assets/libs/@iconscout/unicons/fonts/line/unicons-3.svg]
[shreethemes.in/techwind/layouts/assets/libs/@iconscout/unicons/fonts/line/unicons-4.svg]
[shreethemes.in/techwind/layouts/assets/libs/@iconscout/unicons/fonts/line/unicons-5.svg]
[shreethemes.in/techwind/layouts/assets/libs/@iconscout/unicons/fonts/line/unicons-6.svg]
[shreethemes.in/techwind/layouts/assets/libs/@iconscout/unicons/fonts/line/unicons-7.svg]
[shreethemes.in/techwind/layouts/assets/libs/@iconscout/unicons/fonts/line/unicons-8.svg]
[shreethemes.in/techwind/layouts/assets/libs/@iconscout/unicons/fonts/line/unicons-9.svg]
[shreethemes.in/techwind/layouts/assets/images/map.svg]
[shreethemes.in/techwind/layouts/assets/libs/animate.css/animate.min.css]
[shreethemes.in/techwind/layouts/assets/libs/tobii/css/tobii.min.css]
[shreethemes.in/techwind/layouts/assets/images/illustrator/envelope.svg]
[shreethemes.in/assets/images/saas/home.html]
[shreethemes.in/assets/images/saas/cta.html]
[shreethemes.in/assets/images/app/bg.html]
[shreethemes.in/assets/images/bg-seo.html]
[shreethemes.in/assets/images/bg3.html]
[shreethemes.in/assets/images/charity/bg.html]
[shreethemes.in/assets/images/charity/cta.html]
[shreethemes.in/assets/images/bg2.html]
[shreethemes.in/assets/images/team.html]
[shreethemes.in/assets/images/it/bg.html]
[shreethemes.in/assets/images/it/bg-rtl.html]
[shreethemes.in/assets/images/cta.html]
[shreethemes.in/assets/images/map.html]
[shreethemes.in/assets/images/digital/bg01.html]
[shreethemes.in/techwind/layouts/assets/libs/js-datepicker/datepicker.min.css]
[shreethemes.in/assets/images/food/bg01.html]
[shreethemes.in/assets/images/food/menu.html]
[shreethemes.in/assets/images/food/food-menu.html]
[shreethemes.in/assets/images/food/cta.html]
[shreethemes.in/assets/images/hosting/bg-hosting.html]
[shreethemes.in/assets/images/hosting/bg.html]
[shreethemes.in/assets/images/nft/hero.html]
[shreethemes.in/assets/images/nft/hero-rtl.html]
[shreethemes.in/techwind/layouts/assets/images/cafe/icons/coffee-time.svg]
[shreethemes.in/techwind/layouts/assets/images/cafe/icons/pot.svg]
[shreethemes.in/techwind/layouts/assets/images/cafe/icons/coffee-beans.svg]
[shreethemes.in/techwind/layouts/assets/images/cafe/icons/coffee.svg]
[shreethemes.in/techwind/layouts/assets/images/cafe/icons/drip-glass.svg]
[shreethemes.in/techwind/layouts/assets/images/cafe/icons/coffee-cup.svg]
[shreethemes.in/assets/images/cafe/cta.html]
[shreethemes.in/assets/images/gym/bg1.html]
[shreethemes.in/assets/images/gym/cta.html]
[shreethemes.in/assets/images/yoga/bg.html]
[shreethemes.in/assets/images/yoga/bg02.html]
[shreethemes.in/assets/images/yoga/ab01.html]
[shreethemes.in/assets/images/yoga/ab02.html]
[shreethemes.in/assets/images/yoga/ab03.html]
[shreethemes.in/assets/images/yoga/i9.html]
[shreethemes.in/assets/images/yoga/i11.html]
[shreethemes.in/assets/images/spa/bg.html]
[shreethemes.in/assets/images/spa/cta.html]
[shreethemes.in/techwind/layouts/assets/libs/choices.js/public/assets/styles/choices.min.css]
[shreethemes.in/assets/images/job/job.html]
[shreethemes.in/assets/images/job/curve-shape.html]
[shreethemes.in/assets/images/job/curve-shape-dark.html]
[shreethemes.in/assets/images/business/bg01.html]
[shreethemes.in/assets/images/business/bg02.html]
[shreethemes.in/assets/images/business/bg03.html]
[shreethemes.in/techwind/layouts/assets/libs/swiper/css/swiper.min.css]
[shreethemes.in/assets/images/corporate/bg.html]
[shreethemes.in/assets/images/overlay.html]
[shreethemes.in/techwind/layouts/contact.html]
[shreethemes.in/assets/images/consulting/bg.html]
[shreethemes.in/assets/images/insurance/cta.html]
[shreethemes.in/assets/images/insurance/bg.html]
[shreethemes.in/assets/images/construction/bg.html]
[shreethemes.in/assets/images/construction/bg2.html]
[shreethemes.in/assets/images/law/bg.html]
[shreethemes.in/techwind/layouts/video-portfolio.html]
[shreethemes.in/techwind/layouts/assets/images/illustrator/dots.svg]
[shreethemes.in/assets/images/photography/photographer.html]
[shreethemes.in/assets/images/course/cta.html]
[shreethemes.in/assets/images/event/bg.html]
[shreethemes.in/assets/images/event/bg3.html]
[shreethemes.in/assets/images/event/bg2.html]
[shreethemes.in/assets/images/hospital/bg.html]
[shreethemes.in/techwind/layouts/assets/images/illustrator/development.svg]
[shreethemes.in/techwind/layouts/forum-topic.html]
[shreethemes.in/assets/images/shop/items/s1.html]
[shreethemes.in/assets/images/shop/items/s2.html]
[shreethemes.in/assets/images/shop/items/s3.html]
[shreethemes.in/techwind/layouts/shop-about.html]
[shreethemes.in/assets/images/shop/bg.html]
[shreethemes.in/assets/images/shop/cta.html]
[shreethemes.in/assets/images/crypto/bg1.html]
[shreethemes.in/assets/images/crypto/bg2.html]
[shreethemes.in/assets/images/crypto/cta.html]
[shreethemes.in/techwind/layouts/assets/images/illustrator/celebration.svg]
[shreethemes.in/assets/images/bg-video.html]
[shreethemes.in/assets/images/bg.html]
[shreethemes.in/assets/images/bg4.html]
[shreethemes.in/assets/images/home-shape.html]
[shreethemes.in/techwind/layouts/assets/images/illustrator/services.svg]
[shreethemes.in/assets/images/blog/bg1.html]
[shreethemes.in/assets/images/furniture/bg01.html]
[shreethemes.in/assets/images/furniture/bg02.html]
[shreethemes.in/assets/images/furniture/bg03.html]
[shreethemes.in/assets/images/furniture/bg04.html]
[shreethemes.in/assets/images/company/aboutus.html]
[shreethemes.in/assets/images/services.html]
[shreethemes.in/assets/images/real/bg/01.html]
[shreethemes.in/techwind/layouts/explore-two.html]
[shreethemes.in/techwind/layouts/assets/images/nft/wallet/MetaMask_Fox.svg]
[shreethemes.in/techwind/layouts/assets/images/nft/wallet/aave.svg]
[shreethemes.in/techwind/layouts/assets/images/nft/wallet/Airswap.svg]
[shreethemes.in/techwind/layouts/assets/images/nft/wallet/Compound.svg]
[shreethemes.in/techwind/layouts/assets/images/nft/wallet/ddexsvg.svg]
[shreethemes.in/techwind/layouts/assets/images/nft/wallet/defi-saver.svg]
[shreethemes.in/techwind/layouts/assets/images/nft/wallet/dYdX.svg]
[shreethemes.in/techwind/layouts/assets/images/nft/wallet/idex.svg]
[shreethemes.in/techwind/layouts/assets/images/nft/wallet/kyber.svg]
[shreethemes.in/techwind/layouts/assets/images/nft/wallet/maker.svg]
[shreethemes.in/techwind/layouts/assets/images/nft/wallet/nuo.svg]
[shreethemes.in/techwind/layouts/assets/images/nft/wallet/PoolTogether.svg]
[shreethemes.in/techwind/layouts/assets/images/nft/wallet/sablier.svg]
[shreethemes.in/techwind/layouts/assets/images/nft/wallet/set.svg]
[shreethemes.in/techwind/layouts/assets/images/nft/wallet/uniswap.svg]
[shreethemes.in/techwind/layouts/assets/images/nft/wallet/zerion.svg]
[shreethemes.in/assets/images/food/blog/recipe.html]
[shreethemes.in/techwind/layouts/assets/images/client/amazon-prime-video-logo.svg]
[shreethemes.in/techwind/layouts/assets/images/client/angular-3.svg]
[shreethemes.in/techwind/layouts/assets/images/client/huawei-2.svg]
[shreethemes.in/techwind/layouts/assets/images/client/bosch.svg]
[shreethemes.in/techwind/layouts/assets/images/client/coinbase.svg]
[shreethemes.in/techwind/layouts/assets/images/client/husd-3.svg]
[shreethemes.in/techwind/layouts/assets/images/client/intercom-1.svg]
[shreethemes.in/techwind/layouts/assets/images/client/linkedin-logo-2013-1.svg]
[shreethemes.in/techwind/layouts/assets/images/client/yamaha-2-1.svg]
[shreethemes.in/techwind/layouts/assets/images/client/logo-donington-park.svg]
[shreethemes.in/techwind/layouts/assets/images/client/microsoft-office-2013.svg]
[shreethemes.in/techwind/layouts/assets/images/client/netflix-3.svg]
[shreethemes.in/techwind/layouts/assets/images/client/python-3.svg]
[shreethemes.in/techwind/layouts/assets/images/client/redbull-1.svg]
[shreethemes.in/techwind/layouts/assets/images/client/zoom-communications-logo.svg]
[shreethemes.in/techwind/layouts/assets/images/client/suntech-power-logo.svg]
[shreethemes.in/techwind/layouts/assets/images/client/v-power-1.svg]
[shreethemes.in/assets/images/helpcenter.html]
[shreethemes.in/assets/images/blog/bg.html]
[shreethemes.in/assets/images/utility.html]
[shreethemes.in/techwind/layouts/assets/images/contact.svg]
[shreethemes.in/assets/images/portfolio/bg-inner.html]
